0_y.bin
0_uv.bin
0000-0000 Result : 3d526fe2541b0ee12920392a153f03eb

1_y.bin
1_uv.bin
0000-0001 Result : 74bdc98624b5fe2649a985a73a85c153

2_y.bin
2_uv.bin
0000-0002 Result : 4b2b8f346021c138bf1cdd30ccd10a44

3_y.bin
3_uv.bin
0000-0002 Result : fc4575a7a76e9ff8fd186f9533ffa123