0.yuv:
0000-0000 (0, 0)-(1023, 639) c:255
0000-0000 (150, 291)-(279, 371) c:1
0000-0000 (467, 280)-(528, 339) c:1
0000-0000 (235, 294)-(394, 394) c:1
0000-0000 (394, 285)-(451, 330) c:1
0000-0000 (544, 287)-(607, 316) c:1
0000-0000 (617, 293)-(680, 331) c:1

<cv2 version>
Bbx PTS = 0 FN: 0 NumObj 8
ROI Box 0 0 0 0 0 1024 640 0 0 0 0 0 0 0
car 0 0 0 149 291 132 82 0 0 0 0 0 0 0
car 0 0 0 467 280 61 60 0 0 0 0 0 0 0
car 0 0 0 236 293 160 101 0 0 0 0 0 0 0
car 0 0 0 396 285 57 48 0 0 0 0 0 0 0
car 0 0 0 544 286 64 30 0 0 0 0 0 0 0
car 0 0 0 618 293 62 39 0 0 0 0 0 0 0
car 0 0 0 378 285 32 30 0 0 0 0 0 0 0

<cv22 version> <cv25 version>
ROI Box 0 0 0 0 0 1024 640 0 0 0 0 0 0 0
car 0 0 0 149 291 132 82 0 0 0 0 0 0 0
car 0 0 0 467 280 61 60 0 0 0 0 0 0 0
car 0 0 0 236 293 160 101 0 0 0 0 0 0 0
car 0 0 0 396 285 57 48 0 0 0 0 0 0 0
car 0 0 0 544 286 64 30 0 0 0 0 0 0 0
car 0 0 0 618 293 62 39 0 0 0 0 0 0 0
car 0 0 0 378 285 32 30 0 0 0 0 0 0 0

<cv2fs version> <cv22fs version>
Bbx PTS = 0 FN: 0 NumObj 8
ROI Box 0 0 0 0 0 1024 640 0 0 0 0 0 0 0
car 0 0 0 150 290 132 82 0 0 0 0 0 0 0
car 0 0 0 227 291 157 103 0 0 0 0 0 0 0
car 0 0 0 468 280 61 60 0 0 0 0 0 0 0
car 0 0 0 545 286 66 30 0 0 0 0 0 0 0
car 0 0 0 395 285 57 48 0 0 0 0 0 0 0
car 0 0 0 374 285 34 30 0 0 0 0 0 0 0
car 0 0 0 618 292 64 40 0 0 0 0 0 0 0

<cv28 ver>
Bbx PTS = 0 FN: 0 NumObj 8
ROI Box 0 0 0 0 0 1024 640 0 0 0 0 0 0 0
car 0 0 0 149 290 132 82 0 0 0 0 0 0 0
car 0 0 0 467 280 61 60 0 0 0 0 0 0 0
car 0 0 0 235 293 160 101 0 0 0 0 0 0 0
car 0 0 0 396 285 57 48 0 0 0 0 0 0 0
car 0 0 0 545 286 64 30 0 0 0 0 0 0 0
car 0 0 0 375 285 35 30 0 0 0 0 0 0 0
car 0 0 0 618 293 63 39 0 0 0 0 0 0 0

<cv5 ver>
Bbx PTS = 0 FN: 0 NumObj 8
ROI Box 0 0 0 0 0 1024 640 0 0 0 0 0 0 0
car 0 0 0 150 290 131 82 0 0 0 0 0 0 0
car 0 0 0 227 291 158 103 0 0 0 0 0 0 0
car 0 0 0 467 279 62 60 0 0 0 0 0 0 0
car 0 0 0 544 286 68 30 0 0 0 0 0 0 0
car 0 0 0 396 285 56 48 0 0 0 0 0 0 0
car 0 0 0 374 285 34 30 0 0 0 0 0 0 0
car 0 0 0 618 292 64 40 0 0 0 0 0 0 0

<cv52 ver>
Bbx PTS = 0 FN: 0 NumObj 8
ROI Box 0 0 0 0 0 1024 640 0 0 0 0 0 0 0
car 0 0 0 151 290 130 81 0 0 0 0 0 0 0
car 0 0 0 228 290 157 105 0 0 0 0 0 0 0
car 0 0 0 468 279 60 60 0 0 0 0 0 0 0
car 0 0 0 544 286 68 30 0 0 0 0 0 0 0
car 0 0 0 395 286 57 46 0 0 0 0 0 0 0
car 0 0 0 374 285 34 30 0 0 0 0 0 0 0
car 0 0 0 618 292 64 40 0 0 0 0 0 0 0
