0.yuv:
0000-0000 (810, 390)-(1110,690) c:255
0000-0000 (884, 472)-(994,579) c:3
0000-0000 (1025, 482)-(1103,535) c:3
0000-0000 (812, 482)-(854,564) c:3

1.yuv: (00000.yuv)
0000-0001 (810, 390)-(1110,690) c:255
0000-0001 (908, 515)-(981,575) c:3
0000-0001 (859, 511)-(909,548) c:3


2.yuv:  (700.yuv)
0000-0002 (810, 390)-(1110,690) c:255
0000-0002 (846, 504)-(1011,635) c:3

3.yuv: (900.yuv)
0000-0003 (810, 390)-(1110,690) c:255
0000-0003 (973, 512)-(1104,579) c:3
0000-0003 (904, 518)-(979,576) c:3
